// Vitest Snapshot v1, https://vitest.dev/guide/snapshot.html

exports[`buffers made with protobufjs > Simple message 1`] = `
{
  "f1": 150,
}
`;

exports[`buffers made with protobufjs > Test message 1`] = `
{
  "f1": {
    "data": [
      1,
      2,
      3,
      4,
      5,
    ],
    "type": "Buffer",
  },
  "f2": 1,
  "f3": "hello",
  "f4": [
    {
      "f1": 1,
      "f2": "cool",
      "f3": {
        "f1": 1,
      },
    },
    {
      "f1": 2,
      "f2": "awesome",
      "f3": {
        "f1": 2,
      },
    },
    {
      "f1": 3,
      "f2": "neat",
      "f3": {
        "f1": 3,
      },
    },
  ],
}
`;
